input_processing.c:100:6:fsm_for_button_processing	16	static
input_processing.c:119:5:is_button_pressed_and_released	16	static
input_processing.c:129:6:clear_all_light	8	static
input_processing.c:139:6:prepare_for_modified_mode	24	static
input_processing.c:148:6:fsm_for_mode_processing	8	static
input_processing.c:192:6:display7SEG	24	static
input_processing.c:203:6:update_7seg_led	8	static
input_processing.c:224:6:update_LED7_buffer_vertical	16	static
input_processing.c:228:6:update_LED7_buffer_horizontal	16	static
input_processing.c:233:6:displayTrafficLight	8	static
input_processing.c:355:6:blinkingLight	16	static
input_processing.c:379:6:updateLightPeriod	16	static
input_processing.c:403:6:resetAll_MODE1	8	static
